(clip) jubaer@machina:/mnt/Work/ML/Code/Anomaly Detection/MuSc (main)$ python scripts/compute_segf1_dinov3.py \
    --backbone_name facebook/dinov3-vitl16-pretrain-lvd1689m \
    --img_resize 512 \
    --feature_layers 5 11 17 23 \
    --r_list 1 3 5 \
    --batch_size 4 \
    --device 0
xFormers not available
xFormers not available
Backbone : facebook/dinov3-vitl16-pretrain-lvd1689m
Device   : cuda:0
Layers   : [6, 12, 18, 24]  r_list=[1, 3, 5]

Loading backbone ...
Backbone type  : dinov3  (facebook/dinov3-vitl16-pretrain-lvd1689m)

============================================================
Pass 1: inference on test_public
============================================================

[can]
  r=1: extract + LNAMD ...
  r=1: MSM ...                                                                                                                               
    layer-0 (162 imgs) ...
100%|██████████████████████████████████████████████████████████████████████████████████████████████████████| 162/162 [00:11<00:00, 13.71it/s]
    layer-1 (162 imgs) ...
100%|██████████████████████████████████████████████████████████████████████████████████████████████████████| 162/162 [00:11<00:00, 13.68it/s]
    layer-2 (162 imgs) ...
100%|██████████████████████████████████████████████████████████████████████████████████████████████████████| 162/162 [00:11<00:00, 13.63it/s]
    layer-3 (162 imgs) ...
100%|██████████████████████████████████████████████████████████████████████████████████████████████████████| 162/162 [00:11<00:00, 13.64it/s]
  r=3: extract + LNAMD ...
  r=3: MSM ...                                                                                                                               
    layer-0 (162 imgs) ...
100%|██████████████████████████████████████████████████████████████████████████████████████████████████████| 162/162 [00:11<00:00, 13.67it/s]
    layer-1 (162 imgs) ...
100%|██████████████████████████████████████████████████████████████████████████████████████████████████████| 162/162 [00:11<00:00, 13.60it/s]
    layer-2 (162 imgs) ...
100%|██████████████████████████████████████████████████████████████████████████████████████████████████████| 162/162 [00:11<00:00, 13.60it/s]
    layer-3 (162 imgs) ...
100%|██████████████████████████████████████████████████████████████████████████████████████████████████████| 162/162 [00:11<00:00, 13.57it/s]
  r=5: extract + LNAMD ...
  r=5: MSM ...                                                                                                                               
    layer-0 (162 imgs) ...
100%|██████████████████████████████████████████████████████████████████████████████████████████████████████| 162/162 [00:11<00:00, 13.64it/s]
    layer-1 (162 imgs) ...
100%|██████████████████████████████████████████████████████████████████████████████████████████████████████| 162/162 [00:11<00:00, 13.59it/s]
    layer-2 (162 imgs) ...
100%|██████████████████████████████████████████████████████████████████████████████████████████████████████| 162/162 [00:11<00:00, 13.57it/s]
    layer-3 (162 imgs) ...
100%|██████████████████████████████████████████████████████████████████████████████████████████████████████| 162/162 [00:11<00:00, 13.56it/s]

[fabric]
  r=1: extract + LNAMD ...
  r=1: MSM ...                                                                                                                               
    layer-0 (156 imgs) ...
100%|██████████████████████████████████████████████████████████████████████████████████████████████████████| 156/156 [00:11<00:00, 13.94it/s]
    layer-1 (156 imgs) ...
100%|██████████████████████████████████████████████████████████████████████████████████████████████████████| 156/156 [00:11<00:00, 14.02it/s]
    layer-2 (156 imgs) ...
100%|██████████████████████████████████████████████████████████████████████████████████████████████████████| 156/156 [00:11<00:00, 14.13it/s]
    layer-3 (156 imgs) ...
100%|██████████████████████████████████████████████████████████████████████████████████████████████████████| 156/156 [00:11<00:00, 14.14it/s]
  r=3: extract + LNAMD ...
  r=3: MSM ...                                                                                                                               
    layer-0 (156 imgs) ...
100%|██████████████████████████████████████████████████████████████████████████████████████████████████████| 156/156 [00:10<00:00, 14.21it/s]
    layer-1 (156 imgs) ...
100%|██████████████████████████████████████████████████████████████████████████████████████████████████████| 156/156 [00:11<00:00, 14.17it/s]
    layer-2 (156 imgs) ...
100%|██████████████████████████████████████████████████████████████████████████████████████████████████████| 156/156 [00:11<00:00, 14.15it/s]
    layer-3 (156 imgs) ...
100%|██████████████████████████████████████████████████████████████████████████████████████████████████████| 156/156 [00:11<00:00, 14.13it/s]
  r=5: extract + LNAMD ...
  r=5: MSM ...                                                                                                                               
    layer-0 (156 imgs) ...
100%|██████████████████████████████████████████████████████████████████████████████████████████████████████| 156/156 [00:10<00:00, 14.21it/s]
    layer-1 (156 imgs) ...
100%|██████████████████████████████████████████████████████████████████████████████████████████████████████| 156/156 [00:11<00:00, 14.16it/s]
    layer-2 (156 imgs) ...
100%|██████████████████████████████████████████████████████████████████████████████████████████████████████| 156/156 [00:11<00:00, 14.15it/s]
    layer-3 (156 imgs) ...
100%|██████████████████████████████████████████████████████████████████████████████████████████████████████| 156/156 [00:11<00:00, 14.13it/s]

[fruit_jelly]
  r=1: extract + LNAMD ...
  r=1: MSM ...                                                                                                                               
    layer-0 (80 imgs) ...
100%|████████████████████████████████████████████████████████████████████████████████████████████████████████| 80/80 [00:02<00:00, 27.62it/s]
    layer-1 (80 imgs) ...
100%|████████████████████████████████████████████████████████████████████████████████████████████████████████| 80/80 [00:02<00:00, 27.55it/s]
    layer-2 (80 imgs) ...
100%|████████████████████████████████████████████████████████████████████████████████████████████████████████| 80/80 [00:03<00:00, 26.56it/s]
    layer-3 (80 imgs) ...
100%|████████████████████████████████████████████████████████████████████████████████████████████████████████| 80/80 [00:03<00:00, 26.56it/s]
  r=3: extract + LNAMD ...
  r=3: MSM ...                                                                                                                               
    layer-0 (80 imgs) ...
100%|████████████████████████████████████████████████████████████████████████████████████████████████████████| 80/80 [00:02<00:00, 27.28it/s]
    layer-1 (80 imgs) ...
100%|████████████████████████████████████████████████████████████████████████████████████████████████████████| 80/80 [00:02<00:00, 27.19it/s]
    layer-2 (80 imgs) ...
100%|████████████████████████████████████████████████████████████████████████████████████████████████████████| 80/80 [00:02<00:00, 27.21it/s]
    layer-3 (80 imgs) ...
100%|████████████████████████████████████████████████████████████████████████████████████████████████████████| 80/80 [00:02<00:00, 27.14it/s]
  r=5: extract + LNAMD ...
  r=5: MSM ...                                                                                                                               
    layer-0 (80 imgs) ...
100%|████████████████████████████████████████████████████████████████████████████████████████████████████████| 80/80 [00:02<00:00, 27.27it/s]
    layer-1 (80 imgs) ...
100%|████████████████████████████████████████████████████████████████████████████████████████████████████████| 80/80 [00:02<00:00, 27.20it/s]
    layer-2 (80 imgs) ...
100%|████████████████████████████████████████████████████████████████████████████████████████████████████████| 80/80 [00:02<00:00, 27.18it/s]
    layer-3 (80 imgs) ...
100%|████████████████████████████████████████████████████████████████████████████████████████████████████████| 80/80 [00:02<00:00, 27.19it/s]

[rice]
  r=1: extract + LNAMD ...
  r=1: MSM ...                                                                                                                               
    layer-0 (132 imgs) ...
100%|██████████████████████████████████████████████████████████████████████████████████████████████████████| 132/132 [00:07<00:00, 16.56it/s]
    layer-1 (132 imgs) ...
100%|██████████████████████████████████████████████████████████████████████████████████████████████████████| 132/132 [00:07<00:00, 16.51it/s]
    layer-2 (132 imgs) ...
100%|██████████████████████████████████████████████████████████████████████████████████████████████████████| 132/132 [00:07<00:00, 16.52it/s]
    layer-3 (132 imgs) ...
100%|██████████████████████████████████████████████████████████████████████████████████████████████████████| 132/132 [00:07<00:00, 16.53it/s]
  r=3: extract + LNAMD ...
  r=3: MSM ...                                                                                                                               
    layer-0 (132 imgs) ...
100%|██████████████████████████████████████████████████████████████████████████████████████████████████████| 132/132 [00:07<00:00, 16.56it/s]
    layer-1 (132 imgs) ...
100%|██████████████████████████████████████████████████████████████████████████████████████████████████████| 132/132 [00:07<00:00, 16.52it/s]
    layer-2 (132 imgs) ...
100%|██████████████████████████████████████████████████████████████████████████████████████████████████████| 132/132 [00:07<00:00, 16.53it/s]
    layer-3 (132 imgs) ...
100%|██████████████████████████████████████████████████████████████████████████████████████████████████████| 132/132 [00:07<00:00, 16.52it/s]
  r=5: extract + LNAMD ...
  r=5: MSM ...                                                                                                                               
    layer-0 (132 imgs) ...
100%|██████████████████████████████████████████████████████████████████████████████████████████████████████| 132/132 [00:07<00:00, 16.58it/s]
    layer-1 (132 imgs) ...
100%|██████████████████████████████████████████████████████████████████████████████████████████████████████| 132/132 [00:07<00:00, 16.52it/s]
    layer-2 (132 imgs) ...
100%|██████████████████████████████████████████████████████████████████████████████████████████████████████| 132/132 [00:07<00:00, 16.54it/s]
    layer-3 (132 imgs) ...
100%|██████████████████████████████████████████████████████████████████████████████████████████████████████| 132/132 [00:07<00:00, 16.54it/s]

[sheet_metal]
  r=1: extract + LNAMD ...
  r=1: MSM ...                                                                                                                               
    layer-0 (114 imgs) ...
100%|██████████████████████████████████████████████████████████████████████████████████████████████████████| 114/114 [00:05<00:00, 19.13it/s]
    layer-1 (114 imgs) ...
100%|██████████████████████████████████████████████████████████████████████████████████████████████████████| 114/114 [00:05<00:00, 19.07it/s]
    layer-2 (114 imgs) ...
100%|██████████████████████████████████████████████████████████████████████████████████████████████████████| 114/114 [00:05<00:00, 19.04it/s]
    layer-3 (114 imgs) ...
100%|██████████████████████████████████████████████████████████████████████████████████████████████████████| 114/114 [00:05<00:00, 19.08it/s]
  r=3: extract + LNAMD ...
  r=3: MSM ...                                                                                                                               
    layer-0 (114 imgs) ...
100%|██████████████████████████████████████████████████████████████████████████████████████████████████████| 114/114 [00:05<00:00, 19.14it/s]
    layer-1 (114 imgs) ...
100%|██████████████████████████████████████████████████████████████████████████████████████████████████████| 114/114 [00:06<00:00, 18.78it/s]
    layer-2 (114 imgs) ...
100%|██████████████████████████████████████████████████████████████████████████████████████████████████████| 114/114 [00:05<00:00, 19.03it/s]
    layer-3 (114 imgs) ...
100%|██████████████████████████████████████████████████████████████████████████████████████████████████████| 114/114 [00:05<00:00, 19.06it/s]
  r=5: extract + LNAMD ...
  r=5: MSM ...                                                                                                                               
    layer-0 (114 imgs) ...
100%|██████████████████████████████████████████████████████████████████████████████████████████████████████| 114/114 [00:05<00:00, 19.17it/s]
    layer-1 (114 imgs) ...
100%|██████████████████████████████████████████████████████████████████████████████████████████████████████| 114/114 [00:05<00:00, 19.15it/s]
    layer-2 (114 imgs) ...
100%|██████████████████████████████████████████████████████████████████████████████████████████████████████| 114/114 [00:05<00:00, 19.14it/s]
    layer-3 (114 imgs) ...
100%|██████████████████████████████████████████████████████████████████████████████████████████████████████| 114/114 [00:05<00:00, 19.15it/s]

[vial]
  r=1: extract + LNAMD ...
  r=1: MSM ...                                                                                                                               
    layer-0 (140 imgs) ...
100%|██████████████████████████████████████████████████████████████████████████████████████████████████████| 140/140 [00:08<00:00, 15.59it/s]
    layer-1 (140 imgs) ...
100%|██████████████████████████████████████████████████████████████████████████████████████████████████████| 140/140 [00:09<00:00, 15.53it/s]
    layer-2 (140 imgs) ...
100%|██████████████████████████████████████████████████████████████████████████████████████████████████████| 140/140 [00:09<00:00, 15.53it/s]
    layer-3 (140 imgs) ...
100%|██████████████████████████████████████████████████████████████████████████████████████████████████████| 140/140 [00:09<00:00, 15.55it/s]
  r=3: extract + LNAMD ...
  r=3: MSM ...                                                                                                                               
    layer-0 (140 imgs) ...
100%|██████████████████████████████████████████████████████████████████████████████████████████████████████| 140/140 [00:08<00:00, 15.57it/s]
    layer-1 (140 imgs) ...
100%|██████████████████████████████████████████████████████████████████████████████████████████████████████| 140/140 [00:09<00:00, 15.52it/s]
    layer-2 (140 imgs) ...
100%|██████████████████████████████████████████████████████████████████████████████████████████████████████| 140/140 [00:09<00:00, 15.53it/s]
    layer-3 (140 imgs) ...
100%|██████████████████████████████████████████████████████████████████████████████████████████████████████| 140/140 [00:09<00:00, 15.53it/s]
  r=5: extract + LNAMD ...
  r=5: MSM ...                                                                                                                               
    layer-0 (140 imgs) ...
100%|██████████████████████████████████████████████████████████████████████████████████████████████████████| 140/140 [00:09<00:00, 15.55it/s]
    layer-1 (140 imgs) ...
100%|██████████████████████████████████████████████████████████████████████████████████████████████████████| 140/140 [00:09<00:00, 15.52it/s]
    layer-2 (140 imgs) ...
100%|██████████████████████████████████████████████████████████████████████████████████████████████████████| 140/140 [00:09<00:00, 15.52it/s]
    layer-3 (140 imgs) ...
100%|██████████████████████████████████████████████████████████████████████████████████████████████████████| 140/140 [00:09<00:00, 15.53it/s]

[wallplugs]
  r=1: extract + LNAMD ...
  r=1: MSM ...                                                                                                                               
    layer-0 (150 imgs) ...
100%|██████████████████████████████████████████████████████████████████████████████████████████████████████| 150/150 [00:10<00:00, 14.58it/s]
    layer-1 (150 imgs) ...
100%|██████████████████████████████████████████████████████████████████████████████████████████████████████| 150/150 [00:10<00:00, 14.55it/s]
    layer-2 (150 imgs) ...
100%|██████████████████████████████████████████████████████████████████████████████████████████████████████| 150/150 [00:10<00:00, 14.51it/s]
    layer-3 (150 imgs) ...
100%|██████████████████████████████████████████████████████████████████████████████████████████████████████| 150/150 [00:10<00:00, 14.56it/s]
  r=3: extract + LNAMD ...
  r=3: MSM ...                                                                                                                               
    layer-0 (150 imgs) ...
100%|██████████████████████████████████████████████████████████████████████████████████████████████████████| 150/150 [00:10<00:00, 14.60it/s]
    layer-1 (150 imgs) ...
100%|██████████████████████████████████████████████████████████████████████████████████████████████████████| 150/150 [00:10<00:00, 14.55it/s]
    layer-2 (150 imgs) ...
100%|██████████████████████████████████████████████████████████████████████████████████████████████████████| 150/150 [00:10<00:00, 14.57it/s]
    layer-3 (150 imgs) ...
100%|██████████████████████████████████████████████████████████████████████████████████████████████████████| 150/150 [00:10<00:00, 14.57it/s]
  r=5: extract + LNAMD ...
  r=5: MSM ...                                                                                                                               
    layer-0 (150 imgs) ...
100%|██████████████████████████████████████████████████████████████████████████████████████████████████████| 150/150 [00:10<00:00, 14.61it/s]
    layer-1 (150 imgs) ...
100%|██████████████████████████████████████████████████████████████████████████████████████████████████████| 150/150 [00:10<00:00, 14.57it/s]
    layer-2 (150 imgs) ...
100%|██████████████████████████████████████████████████████████████████████████████████████████████████████| 150/150 [00:10<00:00, 14.57it/s]
    layer-3 (150 imgs) ...
100%|██████████████████████████████████████████████████████████████████████████████████████████████████████| 150/150 [00:10<00:00, 14.59it/s]

[walnuts]
  r=1: extract + LNAMD ...
  r=1: MSM ...                                                                                                                               
    layer-0 (150 imgs) ...
100%|██████████████████████████████████████████████████████████████████████████████████████████████████████| 150/150 [00:10<00:00, 14.65it/s]
    layer-1 (150 imgs) ...
100%|██████████████████████████████████████████████████████████████████████████████████████████████████████| 150/150 [00:10<00:00, 14.62it/s]
    layer-2 (150 imgs) ...
100%|██████████████████████████████████████████████████████████████████████████████████████████████████████| 150/150 [00:10<00:00, 14.60it/s]
    layer-3 (150 imgs) ...
100%|██████████████████████████████████████████████████████████████████████████████████████████████████████| 150/150 [00:10<00:00, 14.59it/s]
  r=3: extract + LNAMD ...
  r=3: MSM ...                                                                                                                               
    layer-0 (150 imgs) ...
100%|██████████████████████████████████████████████████████████████████████████████████████████████████████| 150/150 [00:10<00:00, 14.67it/s]
    layer-1 (150 imgs) ...
100%|██████████████████████████████████████████████████████████████████████████████████████████████████████| 150/150 [00:10<00:00, 14.63it/s]
    layer-2 (150 imgs) ...
100%|██████████████████████████████████████████████████████████████████████████████████████████████████████| 150/150 [00:10<00:00, 14.61it/s]
    layer-3 (150 imgs) ...
100%|██████████████████████████████████████████████████████████████████████████████████████████████████████| 150/150 [00:10<00:00, 14.60it/s]
  r=5: extract + LNAMD ...
  r=5: MSM ...                                                                                                                               
    layer-0 (150 imgs) ...
100%|██████████████████████████████████████████████████████████████████████████████████████████████████████| 150/150 [00:10<00:00, 14.67it/s]
    layer-1 (150 imgs) ...
100%|██████████████████████████████████████████████████████████████████████████████████████████████████████| 150/150 [00:10<00:00, 14.64it/s]
    layer-2 (150 imgs) ...
100%|██████████████████████████████████████████████████████████████████████████████████████████████████████| 150/150 [00:10<00:00, 14.62it/s]
    layer-3 (150 imgs) ...
100%|██████████████████████████████████████████████████████████████████████████████████████████████████████| 150/150 [00:10<00:00, 14.61it/s]

Global threshold (combined test_public): 0.411854

============================================================
Category        Global thr  segF1@global  Per-cls thr  segF1@cls
============================================================
can               0.411854         0.00%     0.390040      0.00%
fabric            0.411854        17.53%     0.391047     21.80%
fruit_jelly       0.411854        16.98%     0.385393     42.98%
rice              0.411854        23.83%     0.346035     51.36%
sheet_metal       0.411854         5.05%     0.348279     38.22%
vial              0.411854        11.25%     0.350264     34.39%
wallplugs         0.411854         9.70%     0.434382     22.39%
walnuts           0.411854        66.83%     0.416220     67.42%
------------------------------------------------------------
mean              0.411854        18.90%    (per-cls)     34.82%

Done.