aggregation degree: 1
LNAMD-1: 13.662039438883463ms per image
layer-0 mutual scoring...
100%|██████████████████████████████████████████████████████████████████████████████████████| 150/150 [00:12<00:00, 12.35it/s]
layer-1 mutual scoring...
100%|██████████████████████████████████████████████████████████████████████████████████████| 150/150 [00:12<00:00, 12.16it/s]
layer-2 mutual scoring...
100%|██████████████████████████████████████████████████████████████████████████████████████| 150/150 [00:12<00:00, 12.04it/s]
layer-3 mutual scoring...
100%|██████████████████████████████████████████████████████████████████████████████████████| 150/150 [00:12<00:00, 11.80it/s]
MSM: 484.0957498550415ms per image
aggregation degree: 3
LNAMD-3: 20.38124402364095ms per image
layer-0 mutual scoring...
100%|██████████████████████████████████████████████████████████████████████████████████████| 150/150 [00:12<00:00, 11.88it/s]
layer-1 mutual scoring...
100%|██████████████████████████████████████████████████████████████████████████████████████| 150/150 [00:12<00:00, 11.74it/s]
layer-2 mutual scoring...
100%|██████████████████████████████████████████████████████████████████████████████████████| 150/150 [00:12<00:00, 11.84it/s]
layer-3 mutual scoring...
100%|██████████████████████████████████████████████████████████████████████████████████████| 150/150 [00:12<00:00, 11.98it/s]
MSM: 493.9553419748942ms per image
aggregation degree: 5
LNAMD-5: 50.714101791381836ms per image
layer-0 mutual scoring...
100%|██████████████████████████████████████████████████████████████████████████████████████| 150/150 [00:12<00:00, 12.11it/s]
layer-1 mutual scoring...
100%|██████████████████████████████████████████████████████████████████████████████████████| 150/150 [00:12<00:00, 11.70it/s]
layer-2 mutual scoring...
100%|██████████████████████████████████████████████████████████████████████████████████████| 150/150 [00:12<00:00, 11.97it/s]
layer-3 mutual scoring...
100%|██████████████████████████████████████████████████████████████████████████████████████| 150/150 [00:12<00:00, 12.12it/s]
MSM: 488.95748774210614ms per image
MuSc: 1833.2602961858113ms per image
computing metrics...
walnuts
image-level, auroc:69.15, f1:75.00, ap:84.32
pixel-level, auroc:94.94, f1_max:60.98, ap:56.66, aupro:70.43

dataset-wide optimal threshold: 0.628772

can
image-level, auroc:54.24, f1:71.43, ap:67.38
pixel-level, auroc:82.70, f1_max:0.01, ap:0.00, aupro:39.15, segf1:0.00
fabric
image-level, auroc:38.59, f1:73.77, ap:57.10
pixel-level, auroc:79.12, f1_max:15.82, ap:8.05, aupro:45.45, segf1:6.15
fruit_jelly
image-level, auroc:70.58, f1:85.71, ap:90.17
pixel-level, auroc:94.73, f1_max:46.43, ap:36.08, aupro:83.08, segf1:46.38
rice
image-level, auroc:75.90, f1:84.91, ap:87.14
pixel-level, auroc:92.81, f1_max:40.96, ap:28.96, aupro:64.02, segf1:9.98
sheet_metal
image-level, auroc:66.34, f1:88.24, ap:89.72
pixel-level, auroc:83.05, f1_max:32.84, ap:19.13, aupro:32.00, segf1:0.00
vial
image-level, auroc:87.84, f1:89.11, ap:96.10
pixel-level, auroc:94.32, f1_max:28.62, ap:26.59, aupro:91.37, segf1:13.98
wallplugs
image-level, auroc:41.52, f1:75.00, ap:51.70
pixel-level, auroc:85.59, f1_max:4.12, ap:1.15, aupro:42.15, segf1:3.17
walnuts
image-level, auroc:69.15, f1:75.00, ap:84.32
pixel-level, auroc:94.94, f1_max:60.98, ap:56.66, aupro:70.43, segf1:59.03
mean
image-level, auroc:63.02, f1:80.40, ap:77.95
pixel-level, auroc:88.41, f1_max:28.72, ap:22.08, aupro:58.46, segf1:17.34

